// Jest Snapshot v1, https://goo.gl/fbAQLP

exports[`Login tests Snapshot Testing : renders correctly 1`] = `null`;
